﻿
> @figma/my-make-file@0.0.1 build
> vite build

[36mvite v6.3.5 [32mbuilding for production...[36m[39m
transforming...
[32mΓ£ô[39m 20 modules transformed.
node.exe : [31mΓ£ù[39m Build failed in 495ms
At C:\Program Files\nodejs\npm.ps1:29 char:3
+   & $NODE_EXE $NPM_CLI_JS $args
+   ~~~~~~~~~~~~~~~~~~~~~~~~~~~~~
    + CategoryInfo          : NotSpecified: ([ 
   31mΓ£ù[39m Build failed in 495ms:String) [  
  ], RemoteException
    + FullyQualifiedErrorId : NativeCommandErro 
   r
 
[31merror during build:
[31m[vite:esbuild] Transform failed with 1 
error:
E:/Execute action/src/app/pages/ScreeningQuestio
ns.tsx:11:70: ERROR: Expected "]" but found 
"s"[31m
file: [36mE:/Execute action/src/app/pages/Scree
ningQuestions.tsx:11:70[31m
[33m
[33mExpected "]" but found "s"[33m
9  |    'Over the past 2 weeks, how often have 
you worried too much about different things?',
10 |    'Over the past 2 weeks, how often have 
you had trouble relaxing?',
11 |    'Over the past 2 weeks, how often have 
you been so restless that it's hard to sit 
still?',
   |                                            
                            ^
12 |    'Over the past 2 weeks, how often have 
you become easily annoyed or irritable?',
13 |    'Over the past 2 weeks, how often have 
you felt afraid, as if something awful might 
happen?',
[31m
    at failureErrorWithLog (E:\Execute 
action\node_modules\esbuild\lib\main.js:1467:15)
    at E:\Execute 
action\node_modules\esbuild\lib\main.js:736:50
    at responseCallbacks.<computed> (E:\Execute 
action\node_modules\esbuild\lib\main.js:603:9)
    at handleIncomingPacket (E:\Execute 
action\node_modules\esbuild\lib\main.js:658:12)
    at Socket.readFromStdout (E:\Execute 
action\node_modules\esbuild\lib\main.js:581:7)
    at Socket.emit (node:events:524:28)
    at addChunk 
(node:internal/streams/readable:561:12)
    at readableAddChunkPushByteMode 
(node:internal/streams/readable:512:3)
    at Readable.push 
(node:internal/streams/readable:392:5)
    at Pipe.onStreamRead 
(node:internal/stream_base_commons:189:23)[39m
